# command: PYTHONPATH=src python3 tools/evidence/fx_u4_evidence.py --output /tmp/fx-u4-final --invocation AlienLogicLab/alienintent#94:PRODUCER:9eccf52d-a30f-4dcf-90ca-97b571afc33e
# candidate: b5b3fbfa65321d490f67f5274b0647fd1dee31d5
incomplete-obligation-accepted intact 0
incomplete-obligation-accepted fault 1
incomplete-obligation-accepted restored 0
revision-link-removed intact 0
revision-link-removed fault 1
revision-link-removed restored 0
circular-oracle-accepted intact 0
circular-oracle-accepted fault 1
circular-oracle-accepted restored 0
unconditional-success-qualified intact 0
unconditional-success-qualified fault 1
unconditional-success-qualified restored 0
zero-application-qualified intact 0
zero-application-qualified fault 1
zero-application-qualified restored 0
overdetermined-qualified intact 0
overdetermined-qualified fault 1
overdetermined-qualified restored 0
unrelated-failure-qualified intact 0
unrelated-failure-qualified fault 1
unrelated-failure-qualified restored 0
premise-check-removed intact 0
premise-check-removed fault 1
premise-check-removed restored 0
judgment-attribution-removed intact 0
judgment-attribution-removed fault 1
judgment-attribution-removed restored 0
judgment-mechanical-pass-accepted intact 0
judgment-mechanical-pass-accepted fault 1
judgment-mechanical-pass-accepted restored 0
coverage-hold-removed intact 0
coverage-hold-removed fault 1
coverage-hold-removed restored 0
composition-disconnected intact 0
composition-disconnected fault 1
composition-disconnected restored 0
prior-obligation-drop-accepted intact 0
prior-obligation-drop-accepted fault 1
prior-obligation-drop-accepted restored 0
judgment-inputs-change-accepted intact 0
judgment-inputs-change-accepted fault 1
judgment-inputs-change-accepted restored 0
unauthorized-supersession-accepted intact 0
unauthorized-supersession-accepted fault 1
unauthorized-supersession-accepted restored 0
prior-proof-skip-accepted intact 0
prior-proof-skip-accepted fault 1
prior-proof-skip-accepted restored 0
prior-proof-failure-accepted intact 0
prior-proof-failure-accepted fault 1
prior-proof-failure-accepted restored 0
replacement-proof-unchecked intact 0
replacement-proof-unchecked fault 1
replacement-proof-unchecked restored 0
fault-before-intact-undiagnosed intact 0
fault-before-intact-undiagnosed fault 1
fault-before-intact-undiagnosed restored 0
missing-plan-ancestry-undiagnosed intact 0
missing-plan-ancestry-undiagnosed fault 1
missing-plan-ancestry-undiagnosed restored 0
prior-proof-drop-accepted intact 0
prior-proof-drop-accepted fault 1
prior-proof-drop-accepted restored 0
path-normalization-removed intact 0
path-normalization-removed fault 1
path-normalization-removed restored 0
blank-list-items-accepted intact 0
blank-list-items-accepted fault 1
blank-list-items-accepted restored 0
live-supersession-accepted intact 0
live-supersession-accepted fault 1
live-supersession-accepted restored 0
live-obligation-exempted intact 0
live-obligation-exempted fault 1
live-obligation-exempted restored 0
authority-digest-unchecked intact 0
authority-digest-unchecked fault 1
authority-digest-unchecked restored 0
pointer-consistency-removed intact 0
pointer-consistency-removed fault 1
pointer-consistency-removed restored 0
emptied-state-accepted intact 0
emptied-state-accepted fault 1
emptied-state-accepted restored 0
nested-root-comparison-removed intact 0
nested-root-comparison-removed fault 1
nested-root-comparison-removed restored 0
# exit_status: 0
