✔ rejects invalid webhook signatures (4.293788ms)
✔ routes validated IMPLEMENT and VERIFY events once without project reread (163.246139ms)
✔ builds role-specific durable-result bootstrap with the exact current invocation (154.722966ms)
✔ ignores invalid, unsupported, non-status, and duplicate deliveries (84.823535ms)
✔ result comment before child exit transitions exactly once without chaining (192.837045ms)
✔ wrong repository, Issue, author, invocation, role result, duplicate marker, and stale result comments cannot transition (260.147803ms)
✔ liveness inspects but never kills a quiet live child (65.458332ms)
✔ startup scans exactly once and launches actionable work (36.849072ms)
✔ startup leaves a persisted claim alone only when its launched worker still exists (10.55993ms)
✔ startup routes an exact durable result before probing the persisted worker (37.147109ms)
✔ startup clears a stale claim and starts exactly one fresh worker (63.357081ms)
✔ startup frees DONE dead claims without discarding retained resources or diagnostics (21.60617ms)
✔ startup preserves a live DONE worker claim (10.56953ms)
✔ startup preserves a supervised DONE worker despite a dead launcher pid (10.07162ms)
✔ a reserved delivery blocks concurrent duplicate processing (67.92178ms)
✔ a successfully processed delivery remains deduplicated (59.273492ms)
✔ a failed dispatch releases its delivery reservation for same-id redelivery (119.648307ms)
✔ a failed enrichment releases its delivery reservation for same-id redelivery (84.943951ms)
✔ distinct deliveries reserve one lane before asynchronous preflight (95.361177ms)
✔ exit 0 without exact marker releases lane with durable failure evidence (189.684827ms)
✔ exit 1 without exact marker releases lane with durable failure evidence (185.666025ms)
✔ exit discovers and routes the exact clean result without webhook delivery (106.253803ms)
✔ owned invocation timer inspects and stops without Project polling or relaunch (65.184113ms)
✔ liveness consumes durable result but retains live lane until close (131.316746ms)
✔ missing expected worker login and edited/deleted comments fail closed (97.687218ms)
✔ concurrent result comments and close coalesce one transition (144.352729ms)
✔ shutdown during preflight cancels launch and releases only its reservation (59.604292ms)
✔ close cancels inspection timer and read failure is diagnostic, not missing-result proof (87.966908ms)
✔ startup preserves wrong-author evidence before releasing stale invocation (75.627238ms)
✔ stopping during an in-flight inspection prevents routing and rescheduling (58.656465ms)
✔ timer interval is bounded even for invalid configuration (176.637211ms)
✔ preflight failure on one lane does not remove another reserved lane (109.660265ms)
✔ wrong-author noise cannot erase a consumed Founder exception on close (218.951323ms)
✔ VERIFIER ACCEPT discovered on close routes Accept without launching another worker (95.861667ms)
✔ exit uses real Issue marker parser (exact current result: false) (59.289879ms)
✔ exit uses real Issue marker parser (exact current result: true) (85.483844ms)
✔ later Status event releases a completed surviving claim only after its pid is gone (136.565746ms)
✔ late exact result recovers from missing-result diagnostic once, without launching (201.060121ms)
✔ late old marker cannot satisfy a successor invocation (218.090581ms)
✔ late result after an exit read error reserves routing against a competing start (198.116652ms)
✔ result arriving during a dead surviving claim check prevents a fresh launch (96.482171ms)
✔ a delayed old inspection cannot replace a completed successor diagnostic (266.849928ms)
✔ a delayed inspection cannot make an already-consumed result recoverable again (133.57646ms)
✔ recovered result owns the lane through the routing promise cleanup microtask (165.503534ms)
✔ malformed unrelated persisted claim does not prevent a valid result comment (159.967416ms)
✔ child close remains observed when persisting its pid fails (108.280612ms)
✔ startup recovers PRODUCER exact result from COMPLETION_ERROR without successor (79.699202ms)
✔ startup recovers PRODUCER exact result from DURABLE_RESULT_MISSING without successor (82.687766ms)
✔ startup recovers PRODUCER exact result from WORKER_IDENTITY_MISMATCH without successor (80.128311ms)
✔ startup recovers VERIFIER exact result from COMPLETION_ERROR without successor (77.274951ms)
✔ startup recovers VERIFIER exact result from DURABLE_RESULT_MISSING without successor (74.025982ms)
✔ startup recovers VERIFIER exact result from WORKER_IDENTITY_MISMATCH without successor (82.321359ms)
✔ startup failed completion read remains ambiguous and launches no successor (41.27278ms)
✔ startup successful missing read permits existing successor behavior (67.017025ms)
✔ startup successful wrong-author read permits existing successor behavior (80.057202ms)
✔ startup successful older-invocation read permits existing successor behavior (71.903328ms)
✔ event recovers PRODUCER exact result from COMPLETION_ERROR without successor (96.466751ms)
✔ event recovers PRODUCER exact result from DURABLE_RESULT_MISSING without successor (87.173253ms)
✔ event recovers PRODUCER exact result from WORKER_IDENTITY_MISMATCH without successor (96.033641ms)
✔ event recovers VERIFIER exact result from COMPLETION_ERROR without successor (87.702464ms)
✔ event recovers VERIFIER exact result from DURABLE_RESULT_MISSING without successor (95.675533ms)
✔ event recovers VERIFIER exact result from WORKER_IDENTITY_MISMATCH without successor (88.286776ms)
✔ event failed completion read remains ambiguous and launches no successor (65.447091ms)
✔ event successful missing read permits existing successor behavior (94.010698ms)
✔ event successful wrong-author read permits existing successor behavior (116.939979ms)
✔ event successful older-invocation read permits existing successor behavior (133.213017ms)
✔ failed-invocation recovery reserves the lane against concurrent Status deliveries (114.109813ms)
✔ exact webhook during failed-invocation recovery prevents successor after missing read (121.386066ms)
✔ a prior failed-invocation result cannot satisfy a newer failed successor (227.353207ms)
✔ failed recovery transition preserves exact invocation for a later bounded event (188.018976ms)
✔ startup reuses its successful active-invocation read without a second API request (67.807634ms)
✔ stop during failed-invocation read prevents routing or successor launch (31.70527ms)
✔ execution disabled preserves documented result routing while suppressing worker launch (78.038548ms)
✔ synthetic Project item resolves persisted 900001 before VERIFY and retains canonical identity (58.037322ms)
✔ synthetic Project item resolves persisted 900001 before ACCEPT and retains canonical identity (51.256579ms)
✔ synthetic Project item resolves persisted 900001 before REJECT and retains canonical identity (51.924092ms)
✔ synthetic Project item resolves persisted 900001 before FOUNDER_EXCEPTION and retains canonical identity (54.850954ms)
✔ synthetic Project item resolves persisted PVTI_verified before VERIFY and retains canonical identity (60.044164ms)
✔ synthetic Project item resolves persisted PVTI_verified before ACCEPT and retains canonical identity (59.535853ms)
✔ synthetic Project item resolves persisted PVTI_verified before REJECT and retains canonical identity (57.379207ms)
✔ synthetic Project item resolves persisted PVTI_verified before FOUNDER_EXCEPTION and retains canonical identity (53.123418ms)
✔ synthetic Project item webhook numeric id with node_id undefined uses verified identity (57.643713ms)
✔ synthetic Project item webhook numeric id with node_id PVTI_verified uses verified identity (49.954751ms)
✔ synthetic Project item webhook numeric id with node_id PVTI_wrong uses verified identity (30.41414ms)
✔ synthetic Project item unresolved 900002 ACCEPT preserves failed recovery and blocks successor (109.801511ms)
✔ synthetic Project item unresolved PVTI_wrong ACCEPT preserves failed recovery and blocks successor (120.455335ms)
✔ synthetic Project item unresolved 900002 REJECT preserves failed recovery and blocks successor (112.876075ms)
✔ synthetic Project item unresolved PVTI_wrong REJECT preserves failed recovery and blocks successor (135.832849ms)
✔ synthetic Project item unresolved 900002 FOUNDER_EXCEPTION preserves failed recovery and blocks successor (104.320084ms)
✔ synthetic Project item unresolved PVTI_wrong FOUNDER_EXCEPTION preserves failed recovery and blocks successor (110.520888ms)
✔ synthetic Project item membership transport failure preserves ambiguous completion and blocks successor (52.811875ms)
✔ stale IMPLEMENT/VERIFY cannot change remote state or consume the result (90.457327ms)
✔ stale VERIFY/ACCEPT cannot change remote state or consume the result (90.865038ms)
✔ stale VERIFY/REJECT cannot change remote state or consume the result (85.499188ms)
✔ stale ACCEPT/DONE cannot change remote state or consume the result (86.565118ms)
✔ stale ACCEPT/RETURN_TO_IMPLEMENT cannot change remote state or consume the result (96.895306ms)
✔ operator recovery rejects User/outsider and retains exception (138.454167ms)
✔ operator recovery rejects User/producer-bot and retains exception (161.034987ms)
✔ operator recovery rejects Bot/operator-user and retains exception (137.413823ms)
✔ operator recovery rejects User/b-disp-example[bot] and retains exception (140.547511ms)
✔ interrupted IMPLEMENT mutation confirms target once without rewriting remote status (138.285548ms)
✔ interrupted VERIFY mutation confirms target once without rewriting remote status (152.605647ms)
✔ stale result from exit retains evidence without remote mutation (91.025533ms)
✔ stale result from inspection retains evidence without remote mutation (87.006321ms)
✔ stale result from startup retains evidence without remote mutation (97.053701ms)
✔ unavailable current status fails without persisting mutation intent or changing remote state (85.902986ms)
✔ startup reconciles interrupted IMPLEMENT/VERIFY from active before admitting target phase (169.707005ms)
✔ startup reconciles interrupted VERIFY/REJECT from active before admitting target phase (163.80174ms)
✔ startup reconciles interrupted VERIFY/ACCEPT from active before admitting target phase (174.793345ms)
✔ startup reconciles interrupted IMPLEMENT/VERIFY from diagnostics before admitting target phase (202.363909ms)
✔ startup reconciles interrupted VERIFY/REJECT from diagnostics before admitting target phase (202.891624ms)
✔ startup reconciles interrupted VERIFY/ACCEPT from diagnostics before admitting target phase (205.344576ms)
✔ ACCEPT launches bounded Producer closure and cannot imply DONE (60.312166ms)
✔ closure dispositions none then durable DONE transitions once (182.566242ms)
✔ closure dispositions authorized landing and operational verification then durable DONE transitions once (194.624474ms)
✔ closure Founder exception keeps ACCEPT and survives restart without relaunch (122.745289ms)
✔ material-change control preserves evidence and hands off only after the closure child exits (491.309347ms)
✔ invalid closure controls and terminal combinations cannot mutate status (299.570241ms)
✔ restart recovers DONE before status mutation exactly once (147.908969ms)
✔ restart recovers DONE after status mutation exactly once (165.350749ms)
✔ restart recovers RETURN_TO_IMPLEMENT before status mutation exactly once (198.285553ms)
✔ restart recovers RETURN_TO_IMPLEMENT after status mutation exactly once (186.216579ms)
✔ startup recovers a surviving closure without a duplicate worker (59.044367ms)
✔ ACCEPT received while implementation still exits is resumed without another status event (187.528005ms)
✔ Issue closure event cannot change Project status (11.517927ms)
✔ closure material handoff from late comment resumes engineering despite an early status webhook (243.744416ms)
✔ closure material handoff from Status recovery resumes engineering despite an early status webhook (225.284052ms)
✔ Founder exception re-admission explicit preserves history and respects authority (201.540868ms)
✔ Founder exception re-admission bot preserves history and respects authority (141.43828ms)
✔ Founder exception re-admission stale preserves history and respects authority (151.506777ms)
✔ Founder exception re-admission missing-time preserves history and respects authority (152.14529ms)
✔ Founder exception re-admission preflight-failed preserves history and respects authority (204.214214ms)
✔ surviving closure hands off when its PID exits after the restart webhook (225.859738ms)
✔ Founder stop survives interruption before diagnostic persistence (179.726714ms)
✔ Founder stop remains authoritative when live status changed during closure (168.967204ms)
✔ startup isolates an unavailable closure item while recovering other accepted work (104.275138ms)
✔ committed ledger append repairs a failed projection without repeating the save (27.005428ms)
✔ ledger genesis marks unknown history and each save commits the complete post-state (21.802327ms)
✔ before-append failure admits no new record, projection, or worker effect (13.226959ms)
✔ ledger partial refuses startup before Project read or worker effect (17.94035ms)
✔ ledger sequence refuses startup before Project read or worker effect (18.070153ms)
✔ ledger digest refuses startup before Project read or worker effect (18.736566ms)
✔ ledger fork refuses startup before Project read or worker effect (17.844449ms)
✔ ledger whole-record-truncation refuses startup before Project read or worker effect (18.520562ms)
✔ a second process cannot become the ledger writer while the first is live (56.416403ms)
✔ committed append before head or projection survives replay with one sequence (27.882345ms)
✔ projection before acknowledgement retains the one committed occurrence (20.98251ms)
✔ missing source with an existing head fences startup and launch (12.443443ms)
✔ a forked head witness refuses replay even when the JSONL body is intact (18.42826ms)
✔ interrupted replay keeps effects fenced until the committed projection is repaired (22.390337ms)
✔ Founder re-admission compares GitHub event time to GitHub signal time despite local skew (194.083794ms)
✔ later operator re-admission received before stopped worker exit needs no second transition (229.608568ms)
✔ lifecycle CAPTURE never dispatches through webhook or startup (16.126713ms)
✔ lifecycle SPECIFY never dispatches through webhook or startup (14.344679ms)
✔ lifecycle PLAN never dispatches through webhook or startup (15.178695ms)
✔ lifecycle TASKS never dispatches through webhook or startup (14.808588ms)
✔ lifecycle READY never dispatches through webhook or startup (13.931771ms)
✔ lifecycle REVIEW never dispatches through webhook or startup (15.159194ms)
✔ lifecycle DONE never dispatches through webhook or startup (14.59211ms)
✔ lifecycle MERGE never dispatches through webhook or startup (12.849565ms)
✔ third-cycle verifier rejection holds the BIU before a fourth IMPLEMENT transition (732.62321ms)
✔ one same-phase replacement survives restart; repeated liveness and delivery cannot grant another (448.949509ms)
✔ persisted cycle-limit escalation fences verifier admission through direct, event and startup paths (87.435975ms)
✔ an ordinary operator comment is not reported as an invalid worker result (29.69034ms)
✔ a result marker that fails validation is still reported as an invalid worker result (35.466604ms)
✔ a worker comment carrying a marker from the wrong author is still reported (97.84007ms)
✔ closure instructions name the merge landing mechanism and forbid pull requests (62.857079ms)
✔ implementation instructions also forbid opening pull requests (61.244933ms)
✔ a truncated result marker is still reported as an invalid worker result (82.531937ms)
✔ two result markers in one comment are reported as invalid, not routine (80.510375ms)
✔ an unknown B-DISP directive is reported as invalid rather than ignored (32.810126ms)
✔ legacy surviving lanes and all historical collections remain byte-for-byte unchanged on startup (42.788375ms)
✔ legacy optional claim fields may be missing without normalization or duplicate admission (17.287753ms)
✔ legacy MORTY exact marker routes while retaining lane, role, invocation and historical records (102.889404ms)
✔ legacy JC exact marker routes while retaining lane, role, invocation and historical records (87.53509ms)
✔ legacy pending closure signal recovers DONE using the same exact invocation and lane (48.635795ms)
✔ legacy exception blocks ordinary re-admission and preserves optional historical exception fields (19.028389ms)
✔ legacy fresh admission uses configured alias in lane, marker and closure bootstrap (45.313827ms)
✔ display names change presentation only, preserving legacy lanes and exact protocol markers (48.419991ms)
✔ new admission preserves the configured author in active, diagnostic and closure records (117.261899ms)
✔ configuration handoff unknown-role blocks startup and direct admission without changing state (16.215332ms)
✔ configuration handoff changed-identity blocks startup and direct admission without changing state (17.648461ms)
ℹ tests 182
ℹ suites 0
ℹ pass 182
ℹ fail 0
ℹ cancelled 0
ℹ skipped 0
ℹ todo 0
ℹ duration_ms 18864.126403
