Required test group: runtime
✔ missing App authentication fails before creating any workflow state (76.230844ms)
✔ malformed configuration fails without echoing secrets from JSON (70.57593ms)
✔ canonical test command fails if any required suite is absent (207.305999ms)
✔ webhook CLI verifies HMAC and acknowledges asynchronously (0.266806ms)
✔ preflight executes the canonical repository script from each disposable worker cwd (0.146003ms)
✔ preflight receives the dispatched item issue (0.172703ms)
✔ CLI passes configured per-BIU execution limits to the relay (0.115402ms)
✔ operator documents invocation-correlated markers, Accept routing, and dry-run limits (0.324806ms)
✔ production CLI dry-run reports actionable item without worker/preflight or ledger config (118.102493ms)
✔ CLI service shutdown reaches relay timer cancellation (0.335507ms)
✔ public executable and temporary compatibility alias share help and validation (305.186782ms)
✔ rejects invalid webhook signatures (0.875718ms)
✔ routes validated IMPLEMENT and VERIFY events once without project reread (131.896972ms)
✔ builds role-specific durable-result bootstrap with the exact current invocation (105.352328ms)
✔ ignores invalid, unsupported, non-status, and duplicate deliveries (49.307694ms)
✔ result comment before child exit transitions exactly once without chaining (154.364411ms)
✔ wrong repository, Issue, author, invocation, role result, duplicate marker, and stale result comments cannot transition (419.731859ms)
✔ liveness inspects but never kills a quiet live child (66.441039ms)
✔ startup scans exactly once and launches actionable work (36.505736ms)
✔ startup leaves a persisted claim alone only when its launched worker still exists (14.361989ms)
✔ startup routes an exact durable result before probing the persisted worker (32.178449ms)
✔ startup clears a stale claim and starts exactly one fresh worker (48.243772ms)
✔ startup frees DONE dead claims without discarding retained resources or diagnostics (21.651137ms)
✔ startup preserves a live DONE worker claim (8.122564ms)
✔ startup preserves a supervised DONE worker despite a dead launcher pid (9.40699ms)
✔ a reserved delivery blocks concurrent duplicate processing (54.064589ms)
✔ a successfully processed delivery remains deduplicated (52.958864ms)
✔ a failed dispatch releases its delivery reservation for same-id redelivery (105.318911ms)
✔ a failed enrichment releases its delivery reservation for same-id redelivery (73.652177ms)
✔ distinct deliveries reserve one lane before asynchronous preflight (81.311731ms)
✔ exit 0 without exact marker releases lane with durable failure evidence (180.593721ms)
✔ exit 1 without exact marker releases lane with durable failure evidence (155.428617ms)
✔ exit discovers and routes the exact clean result without webhook delivery (91.044725ms)
✔ owned invocation timer inspects and stops without Project polling or relaunch (56.719437ms)
✔ liveness consumes durable result but retains live lane until close (123.243071ms)
✔ missing expected worker login and edited/deleted comments fail closed (86.175927ms)
✔ concurrent result comments and close coalesce one transition (141.014315ms)
✔ shutdown during preflight cancels launch and releases only its reservation (47.857455ms)
✔ close cancels inspection timer and read failure is diagnostic, not missing-result proof (76.468925ms)
✔ startup preserves wrong-author evidence before releasing stale invocation (58.489666ms)
✔ stopping during an in-flight inspection prevents routing and rescheduling (55.477472ms)
✔ timer interval is bounded even for invalid configuration (142.075845ms)
✔ preflight failure on one lane does not remove another reserved lane (86.093651ms)
✔ wrong-author noise cannot erase a consumed Founder exception on close (195.66027ms)
✔ VERIFIER ACCEPT discovered on close routes Accept without launching another worker (88.746526ms)
✔ exit uses real Issue marker parser (exact current result: false) (50.792946ms)
✔ exit uses real Issue marker parser (exact current result: true) (71.148625ms)
✔ later Status event releases a completed surviving claim only after its pid is gone (118.565463ms)
✔ late exact result recovers from missing-result diagnostic once, without launching (182.365173ms)
✔ late old marker cannot satisfy a successor invocation (203.525973ms)
✔ late result after an exit read error reserves routing against a competing start (186.456288ms)
✔ result arriving during a dead surviving claim check prevents a fresh launch (85.560827ms)
✔ a delayed old inspection cannot replace a completed successor diagnostic (260.825095ms)
✔ a delayed inspection cannot make an already-consumed result recoverable again (185.39874ms)
✔ recovered result owns the lane through the routing promise cleanup microtask (198.225703ms)
✔ malformed unrelated persisted claim does not prevent a valid result comment (128.742839ms)
✔ child close remains observed when persisting its pid fails (86.528846ms)
✔ startup recovers PRODUCER exact result from COMPLETION_ERROR without successor (58.702659ms)
✔ startup recovers PRODUCER exact result from DURABLE_RESULT_MISSING without successor (67.868618ms)
✔ startup recovers PRODUCER exact result from WORKER_IDENTITY_MISMATCH without successor (65.058139ms)
✔ startup recovers VERIFIER exact result from COMPLETION_ERROR without successor (78.028105ms)
✔ startup recovers VERIFIER exact result from DURABLE_RESULT_MISSING without successor (68.96755ms)
✔ startup recovers VERIFIER exact result from WORKER_IDENTITY_MISMATCH without successor (68.160922ms)
✔ startup failed completion read remains ambiguous and launches no successor (42.809705ms)
✔ startup successful missing read permits existing successor behavior (66.925084ms)
✔ startup successful wrong-author read permits existing successor behavior (76.859265ms)
✔ startup successful older-invocation read permits existing successor behavior (65.795653ms)
✔ event recovers PRODUCER exact result from COMPLETION_ERROR without successor (90.644352ms)
✔ event recovers PRODUCER exact result from DURABLE_RESULT_MISSING without successor (105.190962ms)
✔ event recovers PRODUCER exact result from WORKER_IDENTITY_MISMATCH without successor (87.992378ms)
✔ event recovers VERIFIER exact result from COMPLETION_ERROR without successor (101.20175ms)
✔ event recovers VERIFIER exact result from DURABLE_RESULT_MISSING without successor (87.146254ms)
✔ event recovers VERIFIER exact result from WORKER_IDENTITY_MISMATCH without successor (93.04212ms)
✔ event failed completion read remains ambiguous and launches no successor (76.759162ms)
✔ event successful missing read permits existing successor behavior (83.490149ms)
✔ event successful wrong-author read permits existing successor behavior (100.073608ms)
✔ event successful older-invocation read permits existing successor behavior (89.414809ms)
✔ failed-invocation recovery reserves the lane against concurrent Status deliveries (103.155245ms)
✔ exact webhook during failed-invocation recovery prevents successor after missing read (116.392182ms)
✔ a prior failed-invocation result cannot satisfy a newer failed successor (224.349991ms)
✔ failed recovery transition preserves exact invocation for a later bounded event (184.408073ms)
✔ startup reuses its successful active-invocation read without a second API request (68.632005ms)
✔ stop during failed-invocation read prevents routing or successor launch (32.578266ms)
✔ execution disabled preserves documented result routing while suppressing worker launch (71.196455ms)
✔ synthetic Project item resolves persisted 900001 before VERIFY and retains canonical identity (53.367286ms)
✔ synthetic Project item resolves persisted 900001 before ACCEPT and retains canonical identity (58.511792ms)
✔ synthetic Project item resolves persisted 900001 before REJECT and retains canonical identity (59.085403ms)
✔ synthetic Project item resolves persisted 900001 before FOUNDER_EXCEPTION and retains canonical identity (54.133902ms)
✔ synthetic Project item resolves persisted PVTI_verified before VERIFY and retains canonical identity (52.192762ms)
✔ synthetic Project item resolves persisted PVTI_verified before ACCEPT and retains canonical identity (54.636612ms)
✔ synthetic Project item resolves persisted PVTI_verified before REJECT and retains canonical identity (54.101002ms)
✔ synthetic Project item resolves persisted PVTI_verified before FOUNDER_EXCEPTION and retains canonical identity (58.9593ms)
✔ synthetic Project item webhook numeric id with node_id undefined uses verified identity (50.380126ms)
✔ synthetic Project item webhook numeric id with node_id PVTI_verified uses verified identity (49.187602ms)
✔ synthetic Project item webhook numeric id with node_id PVTI_wrong uses verified identity (33.127375ms)
✔ synthetic Project item unresolved 900002 ACCEPT preserves failed recovery and blocks successor (114.154025ms)
✔ synthetic Project item unresolved PVTI_wrong ACCEPT preserves failed recovery and blocks successor (118.106805ms)
✔ synthetic Project item unresolved 900002 REJECT preserves failed recovery and blocks successor (124.299431ms)
✔ synthetic Project item unresolved PVTI_wrong REJECT preserves failed recovery and blocks successor (122.909396ms)
✔ synthetic Project item unresolved 900002 FOUNDER_EXCEPTION preserves failed recovery and blocks successor (109.182413ms)
✔ synthetic Project item unresolved PVTI_wrong FOUNDER_EXCEPTION preserves failed recovery and blocks successor (105.991348ms)
✔ synthetic Project item membership transport failure preserves ambiguous completion and blocks successor (51.31564ms)
✔ stale IMPLEMENT/VERIFY cannot change remote state or consume the result (88.477193ms)
✔ stale VERIFY/ACCEPT cannot change remote state or consume the result (97.422274ms)
✔ stale VERIFY/REJECT cannot change remote state or consume the result (90.673537ms)
✔ stale ACCEPT/DONE cannot change remote state or consume the result (90.610836ms)
✔ stale ACCEPT/RETURN_TO_IMPLEMENT cannot change remote state or consume the result (98.018986ms)
✔ operator recovery rejects User/outsider and retains exception (166.066065ms)
✔ operator recovery rejects User/producer-bot and retains exception (154.788623ms)
✔ operator recovery rejects Bot/operator-user and retains exception (146.040244ms)
✔ operator recovery rejects User/b-disp-example[bot] and retains exception (146.195147ms)
✔ interrupted IMPLEMENT mutation confirms target once without rewriting remote status (146.892862ms)
✔ interrupted VERIFY mutation confirms target once without rewriting remote status (146.374351ms)
✔ stale result from exit retains evidence without remote mutation (90.26672ms)
✔ stale result from inspection retains evidence without remote mutation (85.088015ms)
✔ stale result from startup retains evidence without remote mutation (96.307942ms)
✔ unavailable current status fails without persisting mutation intent or changing remote state (92.924365ms)
✔ startup reconciles interrupted IMPLEMENT/VERIFY from active before admitting target phase (151.786045ms)
✔ startup reconciles interrupted VERIFY/REJECT from active before admitting target phase (147.288919ms)
✔ startup reconciles interrupted VERIFY/ACCEPT from active before admitting target phase (148.087004ms)
✔ startup reconciles interrupted IMPLEMENT/VERIFY from diagnostics before admitting target phase (201.302214ms)
✔ startup reconciles interrupted VERIFY/REJECT from diagnostics before admitting target phase (207.834899ms)
✔ startup reconciles interrupted VERIFY/ACCEPT from diagnostics before admitting target phase (205.235612ms)
✔ ACCEPT launches bounded Producer closure and cannot imply DONE (52.869796ms)
✔ closure dispositions none then durable DONE transitions once (196.117147ms)
✔ closure dispositions authorized landing and operational verification then durable DONE transitions once (180.676411ms)
✔ closure Founder exception keeps ACCEPT and survives restart without relaunch (124.197813ms)
✔ material-change control preserves evidence and hands off only after the closure child exits (479.561147ms)
✔ invalid closure controls and terminal combinations cannot mutate status (268.398964ms)
✔ restart recovers DONE before status mutation exactly once (170.869416ms)
✔ restart recovers DONE after status mutation exactly once (161.864862ms)
✔ restart recovers RETURN_TO_IMPLEMENT before status mutation exactly once (207.644552ms)
✔ restart recovers RETURN_TO_IMPLEMENT after status mutation exactly once (210.217306ms)
✔ startup recovers a surviving closure without a duplicate worker (57.949028ms)
✔ ACCEPT received while implementation still exits is resumed without another status event (185.006496ms)
✔ Issue closure event cannot change Project status (10.919507ms)
✔ closure material handoff from late comment resumes engineering despite an early status webhook (224.446804ms)
✔ closure material handoff from Status recovery resumes engineering despite an early status webhook (210.137319ms)
✔ Founder exception re-admission explicit preserves history and respects authority (232.394558ms)
✔ Founder exception re-admission bot preserves history and respects authority (161.485767ms)
✔ Founder exception re-admission stale preserves history and respects authority (149.068008ms)
✔ Founder exception re-admission missing-time preserves history and respects authority (133.894692ms)
✔ Founder exception re-admission preflight-failed preserves history and respects authority (188.247726ms)
✔ surviving closure hands off when its PID exits after the restart webhook (215.149986ms)
✔ Founder stop survives interruption before diagnostic persistence (171.917572ms)
✔ Founder stop remains authoritative when live status changed during closure (181.413965ms)
✔ startup isolates an unavailable closure item while recovering other accepted work (98.681347ms)
✔ committed ledger append repairs a failed projection without repeating the save (29.191405ms)
✔ ledger genesis marks unknown history and each save commits the complete post-state (24.814515ms)
✔ before-append failure admits no new record, projection, or worker effect (16.684746ms)
✔ ledger partial refuses startup before Project read or worker effect (21.091237ms)
✔ ledger sequence refuses startup before Project read or worker effect (19.533705ms)
✔ ledger digest refuses startup before Project read or worker effect (17.205457ms)
✔ ledger fork refuses startup before Project read or worker effect (18.385382ms)
✔ ledger whole-record-truncation refuses startup before Project read or worker effect (19.200298ms)
✔ a second process cannot become the ledger writer while the first is live (53.203705ms)
✔ committed append before head or projection survives replay with one sequence (34.527916ms)
✔ projection before acknowledgement retains the one committed occurrence (20.569026ms)
✔ missing source with an existing head fences startup and launch (12.290755ms)
✔ a forked head witness refuses replay even when the JSONL body is intact (21.875554ms)
✔ interrupted replay keeps effects fenced until the committed projection is repaired (25.278524ms)
✔ Founder re-admission compares GitHub event time to GitHub signal time despite local skew (211.469988ms)
✔ later operator re-admission received before stopped worker exit needs no second transition (247.70302ms)
✔ lifecycle CAPTURE never dispatches through webhook or startup (15.95423ms)
✔ lifecycle SPECIFY never dispatches through webhook or startup (15.477619ms)
✔ lifecycle PLAN never dispatches through webhook or startup (13.827585ms)
✔ lifecycle TASKS never dispatches through webhook or startup (15.615422ms)
✔ lifecycle READY never dispatches through webhook or startup (15.450719ms)
✔ lifecycle REVIEW never dispatches through webhook or startup (17.024752ms)
✔ lifecycle DONE never dispatches through webhook or startup (16.061231ms)
✔ lifecycle MERGE never dispatches through webhook or startup (13.948488ms)
✔ third-cycle verifier rejection holds the BIU before a fourth IMPLEMENT transition (798.273274ms)
✔ one same-phase replacement survives restart; repeated liveness and delivery cannot grant another (523.50486ms)
✔ persisted cycle-limit escalation fences verifier admission through direct, event and startup paths (112.138505ms)
✔ an ordinary operator comment is not reported as an invalid worker result (37.808878ms)
✔ a result marker that fails validation is still reported as an invalid worker result (34.466208ms)
✔ a worker comment carrying a marker from the wrong author is still reported (95.249057ms)
✔ closure instructions name the merge landing mechanism and forbid pull requests (53.683503ms)
✔ implementation instructions also forbid opening pull requests (53.134288ms)
✔ a truncated result marker is still reported as an invalid worker result (82.088379ms)
✔ two result markers in one comment are reported as invalid, not routine (105.579159ms)
✔ an unknown B-DISP directive is reported as invalid rather than ignored (43.414689ms)
✔ preflight accepts a complete lifecycle independently of dispatch lanes (12.292752ms)
✔ preflight rejects lifecycle missing CAPTURE (6.026323ms)
✔ preflight rejects lifecycle missing SPECIFY (3.91428ms)
✔ preflight rejects lifecycle missing PLAN (2.952361ms)
✔ preflight rejects lifecycle missing TASKS (2.890559ms)
✔ preflight rejects lifecycle missing READY (2.763657ms)
✔ preflight rejects lifecycle missing IMPLEMENT (2.870259ms)
✔ preflight rejects lifecycle missing VERIFY (2.92876ms)
✔ preflight rejects lifecycle missing REVIEW (3.096563ms)
✔ preflight rejects lifecycle missing ACCEPT (2.725956ms)
✔ preflight rejects lifecycle missing DONE (2.44835ms)
✔ preflight rejects ambiguous or unsupported lifecycle options (20.69725ms)
✔ preflight rejects unproven Project field completeness: {"hasNextPage":true} (3.068673ms)
✔ preflight rejects unproven Project field completeness: undefined (2.806466ms)
✔ preflight rejects unproven Project field completeness: {"hasNextPage":null} (2.701663ms)
✔ rejects invalid authority configuration before accessing key or GitHub (0.519112ms)
✔ signs a bounded RS256 JWT and requests only selected repository permissions (2.011547ms)
✔ reuses an in-memory token until its refresh window then replaces it (1.975147ms)
✔ fails closed on expired, malformed, or over-permissioned mint responses (5.411127ms)
✔ does not fall back to cached token when refresh fails (3.079873ms)
✔ scrubs inherited credentials, command overrides and debugging from gh child environment (2.537559ms)
✔ redacts key-read and gh errors without exposing nested stderr or causes (1.865344ms)
✔ worker subprocess environment excludes App, installation and personal credentials (0.269406ms)
✔ preflight verifies App installation, repository scope and bot project authority without leaking credentials (2.788865ms)
✔ preflight rejects mismatched identity, installation drift and missing project capabilities (38.444004ms)
✔ rejects unsafe private-key permissions, non-files and other owners before reading key (0.392509ms)
✔ rejects installation tokens with a lifetime exceeding one hour plus clock tolerance (1.365732ms)
✔ sanitizes malformed JSON and GraphQL errors from mint and protected API responses (9.164816ms)
✔ rejects owner-executable key files despite no group or other access (0.481111ms)
✔ App-authenticated startup reconciles exact Producer result and waits for VERIFY event before VERIFIER launch (117.625865ms)
✔ rejects endpoints and gh options outside the bounded authority before minting credentials (1.484235ms)
✔ normalizes multiple gh comment pages so durable results beyond page one are reachable (1.855144ms)
✔ App transport preserves sanitized HTTP permissions evidence (1.829843ms)
✔ App transport preserves sanitized HTTP quota evidence (1.66654ms)
✔ App transport preserves sanitized curl HTTP evidence (1.436434ms)
✔ App transport preserves sanitized network timeout evidence (1.467035ms)
✔ App transport preserves sanitized DNS evidence (1.407033ms)
✔ App transport preserves sanitized GraphQL quota on nonzero exit evidence (1.826943ms)
✔ GraphQL successful-exit rejection retains classification and malformed JSON stays distinct (4.106896ms)
✔ diagnostic projection never exposes credential-bearing errors or unknown classifications (3.131474ms)
✔ App failure diagnostics remain sanitized in relay state and event logs and block successor work (50.062277ms)
✔ configured GitHub and curl executables and runtime PATH reach isolated transports (2.94297ms)
✔ items rejects truncated before returning authority or mutating (0.679816ms)
✔ items rejects missing metadata before returning authority or mutating (0.165004ms)
✔ items rejects invalid nodes before returning authority or mutating (0.123803ms)
✔ items rejects GraphQL errors before returning authority or mutating (0.142404ms)
✔ fieldValues rejects truncated before returning authority or mutating (0.106802ms)
✔ fieldValues rejects missing metadata before returning authority or mutating (0.105702ms)
✔ fieldValues rejects invalid nodes before returning authority or mutating (0.125203ms)
✔ fieldValues rejects GraphQL errors before returning authority or mutating (0.162604ms)
✔ fields rejects truncated before returning authority or mutating (0.208605ms)
✔ fields rejects missing metadata before returning authority or mutating (0.168304ms)
✔ fields rejects invalid nodes before returning authority or mutating (0.133303ms)
✔ fields rejects GraphQL errors before returning authority or mutating (0.143303ms)
✔ membership resolution rejects partial GraphQL responses despite complete metadata (0.460511ms)
✔ listItems paginates the complete Project before returning authority (0.455011ms)
✔ listItems rejects missing cursor while paginating (0.402709ms)
✔ listItems rejects repeated cursor while paginating (0.203805ms)
✔ listItems rejects duplicate item while paginating (0.122503ms)
✔ maps organization Project V2 Issue items through GraphQL while preserving status and item ID (0.482812ms)
✔ enriches a webhook content node and validates its exact Project membership (0.266306ms)
✔ reads back the current Project status for the exact Project item (0.200905ms)
✔ transitions the exact Project item through GraphQL project and Status resolution (0.563613ms)
✔ fails closed when the configured organization Project is unavailable (0.184404ms)
✔ fails closed when the requested Status option is unavailable (0.175604ms)
✔ accepts only an exact role-authored durable Issue marker after launch (0.175704ms)
✔ rejects an unauthored or stale durable marker (0.280806ms)
✔ preserves wrong-author marker evidence as an identity mismatch (0.235006ms)
✔ accepts a Producer marker only from producer-bot (0.157904ms)
✔ rejects a marker value invalid for the worker role (0.118203ms)
✔ new invocation correlation ignores historical legacy markers regardless of author (0.120803ms)
✔ accepts only a marker carrying the exact new invocation ID (0.135503ms)
✔ ignores a marker for a different invocation (0.109303ms)
✔ classifies the exact invocation marker from the wrong author as an identity mismatch (0.192805ms)
✔ a restarted authority instance preserves exact invocation correlation (0.208005ms)
✔ durable reader rejects multiple markers and unavailable expected login (0.242005ms)
✔ wrong-author comment cannot hide a later valid exact result (0.161504ms)
✔ ACCEPT selects Accept when both Review and Accept are Project options (0.221005ms)
✔ exact result posted in the launch second respects GitHub timestamp precision (0.172704ms)
✔ resolves the Issue 302 database ID to its exact Project node ID (0.308308ms)
✔ Project item resolution fails closed for missing, mismatched, ambiguous or incomplete evidence (0.40741ms)
✔ numeric Project item IDs never reach the GraphQL mutation boundary (0.127603ms)
✔ closure accepts DONE and control handoff through durable authenticated comments (0.227406ms)
✔ closure protocol rejects mixed, duplicate, stale invocation and wrong-kind markers (0.307908ms)
✔ closure durable signals preserve timestamp and author checks and fence repository (0.229806ms)
✔ currentStatus targets one node and fails closed on mismatched identity or missing status (0.724217ms)
✔ persisted closure admission controls recovery even after Project status changes (0.191704ms)
✔ optional durable evidence identifies the exact authenticated comment and its remote timestamp (0.331408ms)
✔ missing configured worker identities reject exact markers from any synthetic login (0.184405ms)
✔ legacy surviving lanes and all historical collections remain byte-for-byte unchanged on startup (26.963733ms)
✔ legacy optional claim fields may be missing without normalization or duplicate admission (11.376367ms)
✔ legacy MORTY exact marker routes while retaining lane, role, invocation and historical records (71.383078ms)
✔ legacy JC exact marker routes while retaining lane, role, invocation and historical records (58.769881ms)
✔ legacy pending closure signal recovers DONE using the same exact invocation and lane (36.447457ms)
✔ legacy exception blocks ordinary re-admission and preserves optional historical exception fields (14.190234ms)
✔ legacy fresh admission uses configured alias in lane, marker and closure bootstrap (37.593284ms)
✔ display names change presentation only, preserving legacy lanes and exact protocol markers (39.268423ms)
✔ new admission preserves the configured author in active, diagnostic and closure records (93.800604ms)
✔ configuration handoff unknown-role blocks startup and direct admission without changing state (12.38589ms)
✔ configuration handoff changed-identity blocks startup and direct admission without changing state (14.735945ms)
✔ profile wires worker identities, authentication and legacy role names (2.102149ms)
✔ profile fails closed for ambiguous role/identity, unsupported workflow and unknown fields (7.28757ms)
✔ dry-run profile needs no worker/preflight configuration but keeps App/target authority (0.927722ms)
✔ configuration and secret failures do not echo input contents (1.064925ms)
✔ profile rejects changed namespaces and identities before any state mutation (1.624739ms)
✔ legacy recovery diagnostics need exact operator identity evidence when author is absent (1.938545ms)
✔ minimal legacy claims derive optional identity fields from the lane without rewriting history (2.381956ms)
✔ execution profile requires canonical repository store and baseline without fixed worker checkouts (1.408433ms)
✔ execution profile exposes validated per-BIU execution limits (1.373332ms)
✔ execution profile rejects malformed per-BIU execution limits (3.678086ms)
✔ profile accepts the full lifecycle without changing worker roles (0.844919ms)
✔ profile rejects lifecycle missing CAPTURE (0.784319ms)
✔ profile rejects lifecycle missing SPECIFY (0.616715ms)
✔ profile rejects lifecycle missing PLAN (0.577813ms)
✔ profile rejects lifecycle missing TASKS (0.583514ms)
✔ profile rejects lifecycle missing READY (0.552912ms)
✔ profile rejects lifecycle missing IMPLEMENT (0.570614ms)
✔ profile rejects lifecycle missing VERIFY (0.881121ms)
✔ profile rejects lifecycle missing REVIEW (0.729417ms)
✔ profile rejects lifecycle missing ACCEPT (0.568814ms)
✔ profile rejects lifecycle missing DONE (0.588513ms)
✔ explicit bounded supervision reaches both workers without a default budget (0.991423ms)
✔ bounded supervision rejects missing invalid and excessive limits and bindings (17.756616ms)
✔ known untracked packet passes; unexplained or altered packet fails (42.874204ms)
✔ tracked work requires exact content, status, authority and staged content evidence (70.514751ms)
✔ merge conflicts remain conflicting even with caller change evidence (77.407812ms)
✔ preflight accepts reviewed packet alongside synchronized upstream and verified identity (143.790066ms)
✔ worker GitHub shim removes ambient tokens and forces selected configuration (35.749437ms)
✔ OFFLINE synthetic self-hosting rehearsal composes CLI, signed events, isolated Git workers, closure and restart (32434.226324ms)
✔ unit planning is deterministic and bound to immutable invocation and path (2.429068ms)
✔ bounded launch preserves literal argv and sanitized environment and applies hard properties (0.598817ms)
✔ collision or unavailable manager refuses launch without direct fallback (0.454513ms)
✔ client death and exited leader never release a populated cgroup (0.822123ms)
✔ terminal receipt and stop intent precede owned stop and survive metadata collection (0.572416ms)
✔ missing unit without receipt, wrong identity and reused manager invocation hold (0.36571ms)
✔ cancellation targets only a matching unit and holds until its cgroup is empty (0.36061ms)
✔ real init.scope has no InvocationID; manager startup identity remains mandatory (0.158905ms)
✔ timeout metadata is captured before clearing only the owned failed unit (0.271708ms)
✔ VERIFIER fails closed for API, unavailable, or unknown authentication before spawning (1.516242ms)
✔ VERIFIER auth inspection and launch both receive the same API-free environment (0.71432ms)
✔ runner returns a child for runtime close-event ownership (0.859124ms)
✔ Producer output is persisted under its exact invocation log identity (0.586216ms)
✔ VERIFIER raw output remains available for invocation diagnosis (0.546015ms)
✔ worker log paths safely and distinctly encode exact invocation IDs (0.112003ms)
✔ launcher preserves item and invocation ID for the worker runner (0.34111ms)
✔ worker commands preserve only the current invocation bootstrap and identity-isolated environment (1.247735ms)
✔ invocation log and stdout output are readable before child close (0.592017ms)
✔ invocation log and stderr output are readable before child close (0.507914ms)
✔ interleaved live invocations retain isolated output even without a close event (0.805723ms)
✔ log creation failure prevents an unlogged worker launch (0.520615ms)
✔ provider selection follows adapter independently of functional role (0.467813ms)
✔ non-subscription Claude profile does not impose subscription authentication (0.472914ms)
✔ extra arguments cannot override invocation, permissions, worktree or output (0.487013ms)
✔ authentication home is explicit and ambient credential inheritance fails closed (0.446613ms)
✔ production launcher rejects missing assigned worktree instead of using role checkout (0.223007ms)
✔ assigned worktree reaches provider cwd and codex argv while authentication remains isolated (0.794122ms)
✔ bounded launcher requires persisted exact supervision intent and never calls direct executor (0.756521ms)
✔ worker launcher resolves provider and model fresh for every invocation (0.210605ms)
✔ concurrent Issues and roles reserve distinct invocation paths before preflight and launch (727.611057ms)
✔ allocator path collision fails before second preflight or launch (164.562102ms)
✔ result while child lives retains resource, exit cleans only its own path and keeps logs (338.136943ms)
✔ cleanup failure is a resource diagnostic, never a workflow rewrite (224.113947ms)
✔ failed durable-result read preserves exited worktree for recovery (115.599123ms)
✔ a crash in launch without a durable PID retains its allocation for diagnosis (81.541673ms)
✔ orphan recovery preserves plausible live and ambiguous launching resources, reclaims confirmed inactive (32.217798ms)
✔ preflight failure reclaims allocation without launching and retains ownership evidence (74.021364ms)
✔ supervision intent precedes effect; client death cannot release lane or remove worktree (187.453125ms)
✔ supervised recovery holds on manager failure or live unit despite dead client (78.501888ms)
✔ durable result retains existing semantics while supervised work remains owned (183.120995ms)
✔ launch transport exception after supervised intent holds claim across restart (61.882812ms)
✔ allocations are unique, pinned, track origin and isolate identity (202.201586ms)
✔ cleanup is idempotent and retains branch and another invocation (220.942383ms)
✔ path escapes, canonical path, collisions and cross-owner cleanup fail closed (163.459165ms)
✔ dirty and ignored worker material prevents cleanup (134.272747ms)
✔ wrong repository, linked canonical store and symlink roots are rejected (120.362048ms)
✔ bare canonical stores preserve canonical bare configuration and isolate linked identity (241.091689ms)
✔ cleanup survives restart and rejects replaced symlink and branch checkouts (203.801401ms)
✔ baseline is pinned even if configured ref moves after planning (146.684696ms)
ℹ tests 360
ℹ suites 0
ℹ pass 360
ℹ fail 0
ℹ cancelled 0
ℹ skipped 0
ℹ todo 0
ℹ duration_ms 56699.125541
Required test group: preflight
worker-preflight tests: PASS
Required test group: rai
✔ iteration zero is the only parentless iteration (2.853165ms)
✔ lineage is a single contiguous adjacent chain (1.105925ms)
✔ persisted timestamps must be canonical ISO (0.525612ms)
✔ constructors normalize timestamps into canonical ISO (0.348408ms)
✔ findings are immutable observations without lifecycle status (0.932721ms)
✔ finding dispositions require evidence (0.265306ms)
✔ SUPERSEDED dispositions require a different replacement finding (0.277606ms)
✔ classification rejects dispositions for missing findings (0.41481ms)
✔ one finding cannot have multiple dispositions (0.484911ms)
✔ evaluation must account for the entire provided finding set (1.272729ms)
✔ PASS cannot coexist with active actionable findings (0.644915ms)
✔ PASS is valid after actionable finding has evidence-backed disposition (0.324308ms)
✔ CHANGES_REQUIRED requires an active actionable finding (0.429309ms)
✔ STOP requires all actionable findings to be dispositioned (0.44641ms)
✔ actionable findings require explicit repair authority (1.537535ms)
✔ CONTINUE for active actionable findings within explicit authority (0.282406ms)
✔ ESCALATE when active repair explicitly exceeds authority (0.138003ms)
✔ manual review pass is bounded to three active actionable findings (0.463511ms)
ℹ tests 18
ℹ suites 0
ℹ pass 18
ℹ fail 0
ℹ cancelled 0
ℹ skipped 0
ℹ todo 0
ℹ duration_ms 40.435221
Required test group: policy
✔ future agents and new work packets reach the durable repository-state authority (2.264451ms)
✔ active operator admission distinguishes authorized changes from conflicting changes (0.541912ms)
✔ repository-changing work has isolated, non-conflicting mutation ownership (0.678415ms)
ℹ tests 3
ℹ suites 0
ℹ pass 3
ℹ fail 0
ℹ cancelled 0
ℹ skipped 0
ℹ todo 0
ℹ duration_ms 18.022209
