test_battery_qualifies_a_discriminating_kill (tests.evidence_learning.test_proof_planning.ProofPlanDomainTests.test_battery_qualifies_a_discriminating_kill) ... ok
test_battery_refuses_overdetermined_kill (tests.evidence_learning.test_proof_planning.ProofPlanDomainTests.test_battery_refuses_overdetermined_kill) ... ok
test_battery_refuses_unclean_or_missing_phases (tests.evidence_learning.test_proof_planning.ProofPlanDomainTests.test_battery_refuses_unclean_or_missing_phases) ... ok
test_battery_refuses_unconditional_success (tests.evidence_learning.test_proof_planning.ProofPlanDomainTests.test_battery_refuses_unconditional_success) ... ok
test_battery_refuses_unrelated_failure (tests.evidence_learning.test_proof_planning.ProofPlanDomainTests.test_battery_refuses_unrelated_failure) ... ok
test_battery_refuses_zero_application (tests.evidence_learning.test_proof_planning.ProofPlanDomainTests.test_battery_refuses_zero_application) ... ok
test_blank_list_items_are_incomplete (tests.evidence_learning.test_proof_planning.ProofPlanDomainTests.test_blank_list_items_are_incomplete) ... ok
test_disguised_implementation_sources_are_circular (tests.evidence_learning.test_proof_planning.ProofPlanDomainTests.test_disguised_implementation_sources_are_circular) ... ok
test_domain_plan_links_every_obligation_to_the_requirement_revision (tests.evidence_learning.test_proof_planning.ProofPlanDomainTests.test_domain_plan_links_every_obligation_to_the_requirement_revision) ... ok
test_isolation_predicate_without_premise_reader_holds (tests.evidence_learning.test_proof_planning.ProofPlanDomainTests.test_isolation_predicate_without_premise_reader_holds) ... ok
test_live_obligation_is_replayed_even_if_named_superseded (tests.evidence_learning.test_proof_planning.ProofPlanDomainTests.test_live_obligation_is_replayed_even_if_named_superseded) ... ok
test_missing_plan_ancestry_is_diagnosed (tests.evidence_learning.test_proof_planning.ProofPlanDomainTests.test_missing_plan_ancestry_is_diagnosed) ... ok
test_nested_roots_and_prefixed_whitespace_are_circular (tests.evidence_learning.test_proof_planning.ProofPlanDomainTests.test_nested_roots_and_prefixed_whitespace_are_circular) ... ok
test_obligation_revision_hashes_expected_inputs (tests.evidence_learning.test_proof_planning.ProofPlanDomainTests.test_obligation_revision_hashes_expected_inputs) ... ok
test_ordered_control_is_clean (tests.evidence_learning.test_proof_planning.ProofPlanDomainTests.test_ordered_control_is_clean) ... ok
test_out_of_order_evidence_is_diagnosed (tests.evidence_learning.test_proof_planning.ProofPlanDomainTests.test_out_of_order_evidence_is_diagnosed) ... ok
test_requirement_without_acceptance_or_predicates_is_not_a_plan (tests.evidence_learning.test_proof_planning.ProofPlanDomainTests.test_requirement_without_acceptance_or_predicates_is_not_a_plan) ... ok
test_supersession_of_a_live_obligation_is_invalid (tests.evidence_learning.test_proof_planning.ProofPlanDomainTests.test_supersession_of_a_live_obligation_is_invalid) ... ok
test_unreviewed_mapping_and_other_design_hold (tests.evidence_learning.test_proof_planning.ProofPlanDomainTests.test_unreviewed_mapping_and_other_design_hold) ... ok

----------------------------------------------------------------------
Ran 19 tests in 0.006s

OK
