authority-hold-bypassed intact 0
authority-hold-bypassed fault 1
authority-hold-bypassed restored 0
observed-edges-as-policy intact 0
observed-edges-as-policy fault 1
observed-edges-as-policy restored 0
architecture-check-ignored intact 0
architecture-check-ignored fault 1
architecture-check-ignored restored 0
interface-compatibility-removed intact 0
interface-compatibility-removed fault 1
interface-compatibility-removed restored 0
review-before-checks-accepted intact 0
review-before-checks-accepted fault 1
review-before-checks-accepted restored 0
self-review-accepted intact 0
self-review-accepted fault 1
self-review-accepted restored 0
shared-invocation-accepted intact 0
shared-invocation-accepted fault 1
shared-invocation-accepted restored 0
stale-design-review-accepted intact 0
stale-design-review-accepted fault 1
stale-design-review-accepted restored 0
unauthorized-reviewer-accepted intact 0
unauthorized-reviewer-accepted fault 1
unauthorized-reviewer-accepted restored 0
stale-vector-accepted intact 0
stale-vector-accepted fault 1
stale-vector-accepted restored 0
history-dropped intact 0
history-dropped fault 1
history-dropped restored 0
incomplete-design-accepted intact 0
incomplete-design-accepted fault 1
incomplete-design-accepted restored 0
unexplained-inapplicability-accepted intact 0
unexplained-inapplicability-accepted fault 1
unexplained-inapplicability-accepted restored 0
material-decision-open-accepted intact 0
material-decision-open-accepted fault 1
material-decision-open-accepted restored 0
unbounded-local-choice-accepted intact 0
unbounded-local-choice-accepted fault 1
unbounded-local-choice-accepted restored 0
blocking-finding-verified intact 0
blocking-finding-verified fault 1
blocking-finding-verified restored 0
premise-evidence-ignored intact 0
premise-evidence-ignored fault 1
premise-evidence-ignored restored 0
held-design-verified intact 0
held-design-verified fault 1
held-design-verified restored 0
readiness-gate-bypassed intact 0
readiness-gate-bypassed fault 1
readiness-gate-bypassed restored 0
composition-disconnected intact 0
composition-disconnected fault 1
composition-disconnected restored 0
stale-reverified-in-place intact 0
stale-reverified-in-place fault 1
stale-reverified-in-place restored 0
prior-rejection-overridden intact 0
prior-rejection-overridden fault 1
prior-rejection-overridden restored 0
truncated-history-accepted intact 0
truncated-history-accepted fault 1
truncated-history-accepted restored 0
