[
  {
    "path": "docs/evidence/elsewhere/WO-220202.s.assessment.json",
    "resolved_path": "None",
    "expected_exit": 1,
    "observed_exit": 1,
    "stdout": "BIU #901: status=READY agent_ready=None baseline=d53de21bcd00b71ada381e0e928a299992a557ab resolves=True ancestral=True\nREFUSED: do not transition and do not launch a worker.\n  - agent_ready: Agent-Ready disposition is None, not READY.\n",
    "stderr": "release point origin/main -> 8e7ba0d18823c2c63322a38413b38002ab27f451 (fetched) in /tmp/brd83-jc-path-rsuzrnzm/work\n"
  },
  {
    "path": "docs/evidence/wave2-readiness-assessments/../../../WO-220202.s.assessment.json",
    "resolved_path": "None",
    "expected_exit": 1,
    "observed_exit": 1,
    "stdout": "BIU #901: status=READY agent_ready=None baseline=d53de21bcd00b71ada381e0e928a299992a557ab resolves=True ancestral=True\nREFUSED: do not transition and do not launch a worker.\n  - agent_ready: Agent-Ready disposition is None, not READY.\n",
    "stderr": "release point origin/main -> 8e7ba0d18823c2c63322a38413b38002ab27f451 (fetched) in /tmp/brd83-jc-path-rsuzrnzm/work\n"
  },
  {
    "path": "docs/evidence/wave2-readiness-assessments/ARP/WO-220202.s.assessment.json",
    "resolved_path": "None",
    "expected_exit": 1,
    "observed_exit": 1,
    "stdout": "BIU #901: status=READY agent_ready=None baseline=d53de21bcd00b71ada381e0e928a299992a557ab resolves=True ancestral=True\nREFUSED: do not transition and do not launch a worker.\n  - agent_ready: Agent-Ready disposition is None, not READY.\n",
    "stderr": "release point origin/main -> 8e7ba0d18823c2c63322a38413b38002ab27f451 (fetched) in /tmp/brd83-jc-path-rsuzrnzm/work\n"
  }
]
