test_missing_fields_and_conflicting_sources_open_source_linked_questions (tests.context_assembly.test_ambiguity.AmbiguityTests.test_missing_fields_and_conflicting_sources_open_source_linked_questions)
SF-REQ-012-AC-01. ... 
  test_missing_fields_and_conflicting_sources_open_source_linked_questions (tests.context_assembly.test_ambiguity.AmbiguityTests.test_missing_fields_and_conflicting_sources_open_source_linked_questions) (rid='SF-REQ-904')
SF-REQ-012-AC-01. ... FAIL

======================================================================
FAIL: test_missing_fields_and_conflicting_sources_open_source_linked_questions (tests.context_assembly.test_ambiguity.AmbiguityTests.test_missing_fields_and_conflicting_sources_open_source_linked_questions) (rid='SF-REQ-904')
SF-REQ-012-AC-01.
----------------------------------------------------------------------
Traceback (most recent call last):
  File "/tmp/fx-u2-gwo80ilc/tests/context_assembly/test_ambiguity.py", line 126, in test_missing_fields_and_conflicting_sources_open_source_linked_questions
    self.assertEqual(tuple(sorted(f.rule_code for f in report.findings if f.requirement_id == rid)), (rule,))
AssertionError: Tuples differ: () != ('UNDEFINED_ACCEPTANCE',)

Second tuple contains 1 additional elements.
First extra element 0:
'UNDEFINED_ACCEPTANCE'

- ()
+ ('UNDEFINED_ACCEPTANCE',)

----------------------------------------------------------------------
Ran 1 test in 0.090s

FAILED (failures=1)
