[
  {
    "path": "docs/evidence/elsewhere/WO-220202.s.assessment.json",
    "resolved_path": "None",
    "expected_exit": 1,
    "observed_exit": 1,
    "stdout": "BIU #901: status=READY agent_ready=None baseline=d018fec7ad895ba5feb42ebbac7c2a4cd1788697 resolves=True ancestral=True\nREFUSED: do not transition and do not launch a worker.\n  - agent_ready: Agent-Ready disposition is None, not READY.\n",
    "stderr": "release point origin/main -> f2bc2a7ce012a7047c462d165bacf04d50bf8882 (fetched) in /tmp/brd83-jc-path-v6xjc4u9/work\n"
  },
  {
    "path": "docs/evidence/wave2-readiness-assessments/../../../WO-220202.s.assessment.json",
    "resolved_path": "None",
    "expected_exit": 1,
    "observed_exit": 1,
    "stdout": "BIU #901: status=READY agent_ready=None baseline=d018fec7ad895ba5feb42ebbac7c2a4cd1788697 resolves=True ancestral=True\nREFUSED: do not transition and do not launch a worker.\n  - agent_ready: Agent-Ready disposition is None, not READY.\n",
    "stderr": "release point origin/main -> f2bc2a7ce012a7047c462d165bacf04d50bf8882 (fetched) in /tmp/brd83-jc-path-v6xjc4u9/work\n"
  },
  {
    "path": "docs/evidence/wave2-readiness-assessments/ARP/WO-220202.s.assessment.json",
    "resolved_path": "None",
    "expected_exit": 1,
    "observed_exit": 1,
    "stdout": "BIU #901: status=READY agent_ready=None baseline=d018fec7ad895ba5feb42ebbac7c2a4cd1788697 resolves=True ancestral=True\nREFUSED: do not transition and do not launch a worker.\n  - agent_ready: Agent-Ready disposition is None, not READY.\n",
    "stderr": "release point origin/main -> f2bc2a7ce012a7047c462d165bacf04d50bf8882 (fetched) in /tmp/brd83-jc-path-v6xjc4u9/work\n"
  }
]
